discovering (15 per query, 10 queries)...
  seed oils inflammation: 14 total
  cortisol belly fat: 27 total
  gut health probiotics: 77 total
  detox liver cleanse: 107 total   parasite cleanse: 137 total
  raw milk benefits: 162 total
  insulin resistance diet: 166 total
  mthfr gene mutation: 186 total
  alkaline water benefits: 211 total
  carnivore diet results: 212 total
204 new videos, 8 already scanned

    ! download failed AlrmOh7oDIU: ERROR: unable to download video data: HTTP Error 403: Forbidden
[1/204] skip AlrmOh7oDIU (transcript too short)
[2/204] HUMAN_ONLY  ai=0.000  ATP Science        -
    ! download failed __fD3et3rn8: ERROR: unable to download video data: HTTP Error 403: Forbidden
[3/204] skip __fD3et3rn8 (transcript too short)
    ! download failed ZrfS0A3Zcww: ERROR: unable to download video data: HTTP Error 403: Forbidden
[4/204] skip ZrfS0A3Zcww (transcript too short)
    ! download failed zY2bnVlHXsE: ERROR: unable to download video data: HTTP Error 403: Forbidden
[5/204] skip zY2bnVlHXsE (transcript too short)
    ! download failed oJ-eK9x_7mc: ERROR: unable to download video data: HTTP Error 403: Forbidden
[6/204] skip oJ-eK9x_7mc (transcript too short)
    ! download failed FCZEW6xLby4: ERROR: unable to download video data: HTTP Error 403: Forbidden
[7/204] skip FCZEW6xLby4 (transcript too short)
    ! download failed ttRry6sbzzg: ERROR: unable to download video data: HTTP Error 403: Forbidden
[8/204] skip ttRry6sbzzg (transcript too short)
    ! download failed PJzJVHhKV28: ERROR: unable to download video data: HTTP Error 403: Forbidden
[9/204] skip PJzJVHhKV28 (transcript too short)
    ! download failed wqw7tmj-bO8: ERROR: unable to download video data: HTTP Error 403: Forbidden
[10/204] skip wqw7tmj-bO8 (transcript too short)
[11/204] HUMAN_ONLY  ai=0.000  Deep Nutrition wit -
    ! download failed EzgSO2-PFjU: ERROR: unable to download video data: HTTP Error 403: Forbidden
[12/204] skip EzgSO2-PFjU (transcript too short)
    ! download failed cLGmlxNRi5k: ERROR: unable to download video data: HTTP Error 403: Forbidden
[13/204] skip cLGmlxNRi5k (transcript too short)
    ! download failed 1nM_SsJYI2c: ERROR: unable to download video data: HTTP Error 403: Forbidden
[14/204] skip 1nM_SsJYI2c (transcript too short)
    ! download failed 4OH_EV6nTmg: ERROR: unable to download video data: HTTP Error 403: Forbidden
[15/204] skip 4OH_EV6nTmg (transcript too short)
    ! download failed -O31nG27MpI: ERROR: unable to download video data: HTTP Error 403: Forbidden
[16/204] skip -O31nG27MpI (transcript too short)
    ! download failed 9jWRVgDPs_Q: ERROR: unable to download video data: HTTP Error 403: Forbidden
[17/204] skip 9jWRVgDPs_Q (transcript too short)
    ! download failed iVl0bAtBtF4: ERROR: unable to download video data: HTTP Error 403: Forbidden
[18/204] skip iVl0bAtBtF4 (transcript too short)
    ! download failed bgMU8I0WdmY: ERROR: unable to download video data: HTTP Error 403: Forbidden
[19/204] skip bgMU8I0WdmY (transcript too short)
[20/204] HUMAN_ONLY  ai=0.000  CarnivoreExalt     -
    ! download failed GupzOBxPNJQ: ERROR: unable to download video data: HTTP Error 403: Forbidden
[21/204] skip GupzOBxPNJQ (transcript too short)
    ! download failed 4jDLPBwn4g0: ERROR: unable to download video data: HTTP Error 403: Forbidden
[22/204] skip 4jDLPBwn4g0 (transcript too short)
[23/204] HUMAN_ONLY  ai=0.001  The Mind Movement  -
    ! download failed Z7qpqrOgxu0: ERROR: unable to download video data: HTTP Error 403: Forbidden
[24/204] skip Z7qpqrOgxu0 (transcript too short)
    ! download failed P6SSTRHj-kE: ERROR: unable to download video data: HTTP Error 403: Forbidden
[25/204] skip P6SSTRHj-kE (transcript too short)
    ! download failed 8P4oJ4O0W68: ERROR: unable to download video data: HTTP Error 403: Forbidden
[26/204] skip 8P4oJ4O0W68 (transcript too short)
    ! download failed cRfG5Lat3To: ERROR: unable to download video data: HTTP Error 403: Forbidden
[27/204] skip cRfG5Lat3To (transcript too short)
[28/204] AI_ONLY     ai=1.000  Wellness Nutrition -
    ! download failed PpIuLuRNBdI: ERROR: unable to download video data: HTTP Error 403: Forbidden
[29/204] skip PpIuLuRNBdI (transcript too short)
    ! download failed tmFERj6IU90: ERROR: unable to download video data: HTTP Error 403: Forbidden
[30/204] skip tmFERj6IU90 (transcript too short)
    ! download failed 8xez9oGkZw0: ERROR: unable to download video data: HTTP Error 403: Forbidden
[31/204] skip 8xez9oGkZw0 (transcript too short)
[32/204] HUMAN_ONLY  ai=0.000  The Epoch Times    -
[33/204] AI_ONLY     ai=1.000  Common Health Doc  -
    ! download failed 8vxQiOS6-C0: ERROR: unable to download video data: HTTP Error 403: Forbidden
[34/204] skip 8vxQiOS6-C0 (transcript too short)
    ! download failed dUfO_0CPvGc: ERROR: unable to download video data: HTTP Error 403: Forbidden
[35/204] skip dUfO_0CPvGc (transcript too short)
    ! download failed UbTwh0XxvuA: ERROR: unable to download video data: HTTP Error 403: Forbidden
[36/204] skip UbTwh0XxvuA (transcript too short)
    ! download failed cBJjh74moYA: ERROR: unable to download video data: HTTP Error 403: Forbidden
[37/204] skip cBJjh74moYA (transcript too short)
    ! download failed k-LMSVg-sDo: ERROR: unable to download video data: HTTP Error 403: Forbidden
[38/204] skip k-LMSVg-sDo (transcript too short)
[39/204] HUMAN_ONLY  ai=0.000  gaugegirltraining  -
    ! download failed PL1Js3Gjjyw: ERROR: unable to download video data: HTTP Error 403: Forbidden
[40/204] skip PL1Js3Gjjyw (transcript too short)
    ! download failed 5jwBQQn8dVM: ERROR: unable to download video data: HTTP Error 403: Forbidden
[41/204] skip 5jwBQQn8dVM (transcript too short)
[42/204] HUMAN_ONLY  ai=0.000  Align Probiotic    -
[43/204] HUMAN_ONLY  ai=0.000  Max Willis         -
[44/204] skip JnDe1OlQskU (transcript too short)
    ! download failed IGpgo1nQMQE: ERROR: unable to download video data: HTTP Error 403: Forbidden
[45/204] skip IGpgo1nQMQE (transcript too short)
    ! download failed z9Tn-P1GUb0: ERROR: unable to download video data: HTTP Error 403: Forbidden
[46/204] skip z9Tn-P1GUb0 (transcript too short)
    ! download failed ML8kbG0O2T0: ERROR: unable to download video data: HTTP Error 403: Forbidden
[47/204] skip ML8kbG0O2T0 (transcript too short)
    ! download failed nvkegIx8Rps: ERROR: unable to download video data: HTTP Error 403: Forbidden
[48/204] skip nvkegIx8Rps (transcript too short)
[49/204] AI_ONLY     ai=1.000  Nutri-Genious      -
    ! download failed HuWCMYVGKUM: ERROR: unable to download video data: HTTP Error 403: Forbidden
[50/204] skip HuWCMYVGKUM (transcript too short)
    ! download failed BUfVC0NAWkA: ERROR: unable to download video data: HTTP Error 403: Forbidden
[51/204] skip BUfVC0NAWkA (transcript too short)
    ! download failed NF6CQiMbNz4: ERROR: unable to download video data: HTTP Error 403: Forbidden
[52/204] skip NF6CQiMbNz4 (transcript too short)
    ! download failed CTON4kPofC4: ERROR: unable to download video data: HTTP Error 403: Forbidden
[53/204] skip CTON4kPofC4 (transcript too short)
    ! download failed lhbquf0Opjs: ERROR: unable to download video data: HTTP Error 403: Forbidden
[54/204] skip lhbquf0Opjs (transcript too short)
    ! download failed LwvsEmQIIRI: ERROR: unable to download video data: HTTP Error 403: Forbidden
[55/204] skip LwvsEmQIIRI (transcript too short)
    ! download failed y3N_TWJXwI8: ERROR: unable to download video data: HTTP Error 403: Forbidden
[56/204] skip y3N_TWJXwI8 (transcript too short)
    ! download failed I7XqCJ3x3O4: ERROR: unable to download video data: HTTP Error 403: Forbidden
[57/204] skip I7XqCJ3x3O4 (transcript too short)
[58/204] HUMAN_ONLY  ai=0.000  Ancient Nutrition  -
    ! download failed l-y51H8mDxQ: ERROR: unable to download video data: HTTP Error 403: Forbidden
[59/204] skip l-y51H8mDxQ (transcript too short)
    ! download failed _D-a1uKjD9o: ERROR: unable to download video data: HTTP Error 403: Forbidden
[60/204] skip _D-a1uKjD9o (transcript too short)
    ! download failed StbSFIwwRdg: ERROR: unable to download video data: HTTP Error 403: Forbidden
[61/204] skip StbSFIwwRdg (transcript too short)
[62/204] HUMAN_ONLY  ai=0.001  Dr. Michael Ruscio -
    ! download failed V1DryqXyB4k: ERROR: unable to download video data: HTTP Error 403: Forbidden
[63/204] skip V1DryqXyB4k (transcript too short)
    ! download failed 56Hx-nReyRo: ERROR: unable to download video data: HTTP Error 403: Forbidden
[64/204] skip 56Hx-nReyRo (transcript too short)
    ! download failed 3Pirw14zKjQ: ERROR: unable to download video data: HTTP Error 403: Forbidden
[65/204] skip 3Pirw14zKjQ (transcript too short)
    ! download failed azdhqrZW1ps: ERROR: unable to download video data: HTTP Error 403: Forbidden
[66/204] skip azdhqrZW1ps (transcript too short)
    ! download failed 0NkopIEfYBM: ERROR: unable to download video data: HTTP Error 403: Forbidden
[67/204] skip 0NkopIEfYBM (transcript too short)
    ! download failed ypnGxqT7EEo: ERROR: unable to download video data: HTTP Error 403: Forbidden
[68/204] skip ypnGxqT7EEo (transcript too short)
    ! download failed 50k_S0-uNpo: ERROR: unable to download video data: HTTP Error 403: Forbidden
[69/204] skip 50k_S0-uNpo (transcript too short)
[70/204] HUMAN_ONLY  ai=0.000  Klora              -
    ! download failed RuMmkTlcqsM: ERROR: unable to download video data: HTTP Error 403: Forbidden
[71/204] skip RuMmkTlcqsM (transcript too short)
    ! download failed HZyEpmE1-J8: ERROR: unable to download video data: HTTP Error 403: Forbidden
[72/204] skip HZyEpmE1-J8 (transcript too short)
[73/204] HUMAN_ONLY  ai=0.001  Dr. Michael Ruscio Overblown importance
    ! download failed GcaQ6ORYzf0: ERROR: unable to download video data: HTTP Error 403: Forbidden
[74/204] skip GcaQ6ORYzf0 (transcript too short)
    ! download failed muilmu8AlIw: ERROR: unable to download video data: HTTP Error 403: Forbidden
[75/204] skip muilmu8AlIw (transcript too short)
    ! download failed Ra9xkJeqd_Y: ERROR: unable to download video data: HTTP Error 403: Forbidden
[76/204] skip Ra9xkJeqd_Y (transcript too short)
    ! download failed HFpGc-z1TJI: ERROR: unable to download video data: HTTP Error 403: Forbidden
[77/204] skip HFpGc-z1TJI (transcript too short)
    ! download failed fhqMoNYVU4o: ERROR: unable to download video data: HTTP Error 403: Forbidden
[78/204] skip fhqMoNYVU4o (transcript too short)
    ! download failed -pCUjWPFXTs: ERROR: unable to download video data: HTTP Error 403: Forbidden
[79/204] skip -pCUjWPFXTs (transcript too short)
    ! download failed YExMO0M4HoU: ERROR: unable to download video data: HTTP Error 403: Forbidden
[80/204] skip YExMO0M4HoU (transcript too short)
[81/204] skip N_Bjj-9Rpas (transcript too short)
    ! download failed P3qH99dqUFU: ERROR: unable to download video data: HTTP Error 403: Forbidden
[82/204] skip P3qH99dqUFU (transcript too short)
    ! download failed AgG8j3t9Tw0: ERROR: unable to download video data: HTTP Error 403: Forbidden
[83/204] skip AgG8j3t9Tw0 (transcript too short)
    ! download failed zQ7tIvcfatE: ERROR: unable to download video data: HTTP Error 403: Forbidden
[84/204] skip zQ7tIvcfatE (transcript too short)
    ! download failed TuYPX2I0_EQ: ERROR: unable to download video data: HTTP Error 403: Forbidden
[85/204] skip TuYPX2I0_EQ (transcript too short)
    ! download failed qB9hSZPQsiE: ERROR: unable to download video data: HTTP Error 403: Forbidden
[86/204] skip qB9hSZPQsiE (transcript too short)
    ! download failed p28cDO1HPIk: ERROR: unable to download video data: HTTP Error 403: Forbidden
[87/204] skip p28cDO1HPIk (transcript too short)
    ! download failed qnAZ1S-H-04: ERROR: unable to download video data: HTTP Error 403: Forbidden
[88/204] skip qnAZ1S-H-04 (transcript too short)
[89/204] HUMAN_ONLY  ai=0.000  Health·WHYS        -
    ! download failed wT6mHUuBlMM: ERROR: unable to download video data: HTTP Error 403: Forbidden
[90/204] skip wT6mHUuBlMM (transcript too short)
    ! download failed Nmuvrvy_zLs: ERROR: unable to download video data: HTTP Error 403: Forbidden
[91/204] skip Nmuvrvy_zLs (transcript too short)
    ! download failed Ya68U7yU4yE: ERROR: unable to download video data: HTTP Error 403: Forbidden
[92/204] skip Ya68U7yU4yE (transcript too short)
    ! download failed pQEDqTYHuGE: ERROR: unable to download video data: HTTP Error 403: Forbidden
[93/204] skip pQEDqTYHuGE (transcript too short)
    ! download failed 6kDvQ-HNbmI: ERROR: unable to download video data: HTTP Error 403: Forbidden
[94/204] skip 6kDvQ-HNbmI (transcript too short)
    ! download failed clqHYx_BmXc: ERROR: unable to download video data: HTTP Error 403: Forbidden
[95/204] skip clqHYx_BmXc (transcript too short)
    ! download failed -niRUjBl5EE: ERROR: unable to download video data: HTTP Error 403: Forbidden
[96/204] skip -niRUjBl5EE (transcript too short)
    ! download failed iFxWghfmFeg: ERROR: unable to download video data: HTTP Error 403: Forbidden
[97/204] skip iFxWghfmFeg (transcript too short)
[98/204] skip vcd863-wPok (transcript too short)
[99/204] skip Kwn6A_vMWe8 (transcript too short)
    ! download failed nsKT60G67kw: ERROR: unable to download video data: HTTP Error 403: Forbidden
[100/204] skip nsKT60G67kw (transcript too short)
    ! download failed KMhuAW60210: ERROR: unable to download video data: HTTP Error 403: Forbidden
[101/204] skip KMhuAW60210 (transcript too short)
[102/204] skip p2zX5Cl1h4s (transcript too short)
    ! download failed f_jsmcZ8miM: ERROR: unable to download video data: HTTP Error 403: Forbidden
[103/204] skip f_jsmcZ8miM (transcript too short)
    ! download failed jIG-QgNnacI: ERROR: unable to download video data: HTTP Error 403: Forbidden
[104/204] skip jIG-QgNnacI (transcript too short)
    ! download failed SKnsYeJ9y7M: ERROR: unable to download video data: HTTP Error 403: Forbidden
[105/204] skip SKnsYeJ9y7M (transcript too short)
    ! download failed KVpXIVipEWg: ERROR: unable to download video data: HTTP Error 403: Forbidden
[106/204] skip KVpXIVipEWg (transcript too short)
    ! download failed fq4gLHF0rzc: ERROR: unable to download video data: HTTP Error 403: Forbidden
[107/204] skip fq4gLHF0rzc (transcript too short)
[108/204] HUMAN_ONLY  ai=0.000  Thrive After 45™ P -
    ! download failed ol4_DFLYoLY: ERROR: unable to download video data: HTTP Error 403: Forbidden
[109/204] skip ol4_DFLYoLY (transcript too short)
    ! download failed q8i0OoFsqfU: ERROR: unable to download video data: HTTP Error 403: Forbidden
[110/204] skip q8i0OoFsqfU (transcript too short)
    ! download failed zR-0b4G2Z9I: ERROR: unable to download video data: HTTP Error 403: Forbidden
[111/204] skip zR-0b4G2Z9I (transcript too short)
[112/204] HUMAN_ONLY  ai=0.000  Holistic Patriots  -
[113/204] skip AWd_5maKgv4 (transcript too short)
    ! download failed oiKC5lhb3Gc: ERROR: unable to download video data: HTTP Error 403: Forbidden
[114/204] skip oiKC5lhb3Gc (transcript too short)
    ! download failed MGgQ0pCkniA: ERROR: unable to download video data: HTTP Error 403: Forbidden
[115/204] skip MGgQ0pCkniA (transcript too short)
    ! download failed KLGElFl2TuM: ERROR: unable to download video data: HTTP Error 403: Forbidden
[116/204] skip KLGElFl2TuM (transcript too short)
    ! download failed 0ia081kiP4o: ERROR: unable to download video data: HTTP Error 403: Forbidden
[117/204] skip 0ia081kiP4o (transcript too short)
    ! download failed 9jJIKhSIEA8: ERROR: unable to download video data: HTTP Error 403: Forbidden
[118/204] skip 9jJIKhSIEA8 (transcript too short)
    ! download failed NAhkTL-b7Ok: ERROR: unable to download video data: HTTP Error 403: Forbidden
[119/204] skip NAhkTL-b7Ok (transcript too short)
    ! download failed WxxQNNgv1Xs: ERROR: unable to download video data: HTTP Error 403: Forbidden
[120/204] skip WxxQNNgv1Xs (transcript too short)
    ! download failed 4zX63OocP7o: ERROR: unable to download video data: HTTP Error 403: Forbidden
[121/204] skip 4zX63OocP7o (transcript too short)
[122/204] HUMAN_ONLY  ai=0.000  Dr. Bryant Esquejo -
[123/204] HUMAN_ONLY  ai=0.000  Dr. Group, DC      -
    ! download failed qBSE0MqlrwU: ERROR: unable to download video data: HTTP Error 403: Forbidden
[124/204] skip qBSE0MqlrwU (transcript too short)
    ! download failed FpHDvqV-lE0: ERROR: unable to download video data: HTTP Error 403: Forbidden
[125/204] skip FpHDvqV-lE0 (transcript too short)
    ! download failed CNcqJfgu6zY: ERROR: unable to download video data: HTTP Error 403: Forbidden
[126/204] skip CNcqJfgu6zY (transcript too short)
    ! download failed hMK67Aoo3BQ: ERROR: unable to download video data: HTTP Error 403: Forbidden
[127/204] skip hMK67Aoo3BQ (transcript too short)
[128/204] skip MqPOORFSqGc (transcript too short)
    ! download failed h0a8_jZoQU0: ERROR: unable to download video data: HTTP Error 403: Forbidden
[129/204] skip h0a8_jZoQU0 (transcript too short)
[130/204] HUMAN_ONLY  ai=0.000  How Do You Get Wor -
[131/204] HUMAN_ONLY  ai=0.000  Shelley B Holistic -
    ! download failed XZSHkDZO7KU: ERROR: unable to download video data: HTTP Error 403: Forbidden
[132/204] skip XZSHkDZO7KU (transcript too short)
    ! download failed HZ9L7DxUujc: ERROR: unable to download video data: HTTP Error 403: Forbidden
[133/204] skip HZ9L7DxUujc (transcript too short)
    ! download failed XECNB1S7Ufk: ERROR: unable to download video data: HTTP Error 403: Forbidden
[134/204] skip XECNB1S7Ufk (transcript too short)
    ! download failed hGCskrN24G0: ERROR: unable to download video data: HTTP Error 403: Forbidden
[135/204] skip hGCskrN24G0 (transcript too short)
[136/204] HUMAN_ONLY  ai=0.000  The Epoch Times    -
    ! download failed rCrr6dzL_xw: ERROR: unable to download video data: HTTP Error 403: Forbidden
[137/204] skip rCrr6dzL_xw (transcript too short)
    ! download failed 8e3G_t-2fmU: ERROR: 
[download] Got error: HTTPSConnection(host='rr1---sn-cx5o4aqj5-tt1l.googlevideo.co
[138/204] skip 8e3G_t-2fmU (transcript too short)
    ! download failed yHA35TOc_fA: ERROR: [youtube] yHA35TOc_fA: Unable to download API page: HTTPSConnection(host='www.youtu
[139/204] skip yHA35TOc_fA (transcript too short)
    ! download failed 2J4A8jX44Hw: ERROR: [youtube] 2J4A8jX44Hw: Unable to download API page: HTTPSConnection(host='www.youtu
[140/204] skip 2J4A8jX44Hw (transcript too short)
    ! download failed QCpFE03qiD4: ERROR: [youtube] QCpFE03qiD4: Unable to download API page: HTTPSConnection(host='www.youtu
[141/204] skip QCpFE03qiD4 (transcript too short)
    ! download failed _OW9_wTCuHA: ERROR: [youtube] _OW9_wTCuHA: Unable to download API page: HTTPSConnection(host='www.youtu
[142/204] skip _OW9_wTCuHA (transcript too short)
    ! download failed a3cnm_MCnT0: ERROR: [youtube] a3cnm_MCnT0: Unable to download API page: HTTPSConnection(host='www.youtu
[143/204] skip a3cnm_MCnT0 (transcript too short)
    ! download failed SqQDabsY7Bo: ERROR: [youtube] SqQDabsY7Bo: Unable to download API page: HTTPSConnection(host='www.youtu
[144/204] skip SqQDabsY7Bo (transcript too short)
    ! download failed o2HZJk4F1Ro: ERROR: [youtube] o2HZJk4F1Ro: Unable to download API page: HTTPSConnection(host='www.youtu
[145/204] skip o2HZJk4F1Ro (transcript too short)
    ! download failed GBUAJoXSE_Q: ERROR: [youtube] GBUAJoXSE_Q: Unable to download API page: HTTPSConnection(host='www.youtu
[146/204] skip GBUAJoXSE_Q (transcript too short)
    ! download failed P6Vq2yMFftE: ERROR: [youtube] P6Vq2yMFftE: Unable to download API page: HTTPSConnection(host='www.youtu
[147/204] skip P6Vq2yMFftE (transcript too short)
    ! download failed CNHTNPfrufQ: ERROR: [youtube] CNHTNPfrufQ: Unable to download API page: HTTPSConnection(host='www.youtu
[148/204] skip CNHTNPfrufQ (transcript too short)
    ! download failed GAKPGkUSMc4: ERROR: [youtube] GAKPGkUSMc4: Unable to download API page: HTTPSConnection(host='www.youtu
[149/204] skip GAKPGkUSMc4 (transcript too short)
    ! download failed uK5TOV9U2L0: ERROR: [youtube] uK5TOV9U2L0: Unable to download API page: HTTPSConnection(host='www.youtu
[150/204] skip uK5TOV9U2L0 (transcript too short)
    ! download failed eFmu-lE7l1I: ERROR: [youtube] eFmu-lE7l1I: Unable to download API page: HTTPSConnection(host='www.youtu
[151/204] skip eFmu-lE7l1I (transcript too short)
    ! download failed kwASOK0G4_4: ERROR: [youtube] kwASOK0G4_4: Unable to download API page: HTTPSConnection(host='www.youtu
[152/204] skip kwASOK0G4_4 (transcript too short)
    ! download failed i32ncywWe6s: ERROR: [youtube] i32ncywWe6s: Unable to download API page: HTTPSConnection(host='www.youtu
[153/204] skip i32ncywWe6s (transcript too short)
    ! download failed x3p_SgPnwC4: ERROR: [youtube] x3p_SgPnwC4: Unable to download API page: HTTPSConnection(host='www.youtu
[154/204] skip x3p_SgPnwC4 (transcript too short)
    ! download failed jQAEIh-yD6w: ERROR: [youtube] jQAEIh-yD6w: Unable to download API page: HTTPSConnection(host='www.youtu
[155/204] skip jQAEIh-yD6w (transcript too short)
    ! download failed txUg9ndiYEI: ERROR: [youtube] txUg9ndiYEI: Unable to download API page: HTTPSConnection(host='www.youtu
[156/204] skip txUg9ndiYEI (transcript too short)
    ! download failed 0v14REZt4JI: ERROR: [youtube] 0v14REZt4JI: Unable to download API page: HTTPSConnection(host='www.youtu
[157/204] skip 0v14REZt4JI (transcript too short)
    ! download failed Jlq-niyVJ2I: ERROR: [youtube] Jlq-niyVJ2I: Unable to download API page: HTTPSConnection(host='www.youtu
[158/204] skip Jlq-niyVJ2I (transcript too short)
    ! download failed z33CGmmD30g: ERROR: [youtube] z33CGmmD30g: Unable to download API page: HTTPSConnection(host='www.youtu
[159/204] skip z33CGmmD30g (transcript too short)
    ! download failed XSpBD-M9QcA: ERROR: [youtube] XSpBD-M9QcA: Unable to download API page: HTTPSConnection(host='www.youtu
[160/204] skip XSpBD-M9QcA (transcript too short)
    ! download failed L8wi_g6c4QU: ERROR: [youtube] L8wi_g6c4QU: Unable to download API page: HTTPSConnection(host='www.youtu
[161/204] skip L8wi_g6c4QU (transcript too short)
    ! download failed 3WZL0h0CBhU: ERROR: [youtube] 3WZL0h0CBhU: Unable to download API page: HTTPSConnection(host='www.youtu
[162/204] skip 3WZL0h0CBhU (transcript too short)
    ! download failed J4g4zJIj27E: ERROR: [youtube] J4g4zJIj27E: Unable to download API page: HTTPSConnection(host='www.youtu
[163/204] skip J4g4zJIj27E (transcript too short)
    ! download failed BeggOhN4uxM: ERROR: [youtube] BeggOhN4uxM: Unable to download API page: HTTPSConnection(host='www.youtu
[164/204] skip BeggOhN4uxM (transcript too short)
    ! download failed ifS2f3nX5LE: ERROR: [youtube] ifS2f3nX5LE: Unable to download API page: HTTPSConnection(host='www.youtu
[165/204] skip ifS2f3nX5LE (transcript too short)
    ! download failed iJTAlJjdEfo: ERROR: [youtube] iJTAlJjdEfo: Unable to download API page: HTTPSConnection(host='www.youtu
[166/204] skip iJTAlJjdEfo (transcript too short)
    ! download failed awnKWiyn5zU: ERROR: [youtube] awnKWiyn5zU: Unable to download API page: HTTPSConnection(host='www.youtu
[167/204] skip awnKWiyn5zU (transcript too short)
    ! download failed WQFkH390IGE: ERROR: [youtube] WQFkH390IGE: Unable to download API page: HTTPSConnection(host='www.youtu
[168/204] skip WQFkH390IGE (transcript too short)
    ! download failed f7_DCdWXGKU: ERROR: [youtube] f7_DCdWXGKU: Unable to download API page: HTTPSConnection(host='www.youtu
[169/204] skip f7_DCdWXGKU (transcript too short)
    ! download failed U6l4Gvtg5Vw: ERROR: [youtube] U6l4Gvtg5Vw: Unable to download API page: HTTPSConnection(host='www.youtu
[170/204] skip U6l4Gvtg5Vw (transcript too short)
    ! download failed Xkap-0mkioM: ERROR: [youtube] Xkap-0mkioM: Unable to download API page: HTTPSConnection(host='www.youtu
[171/204] skip Xkap-0mkioM (transcript too short)
    ! download failed 06niWjyXOGs: ERROR: [youtube] 06niWjyXOGs: Unable to download API page: HTTPSConnection(host='www.youtu
[172/204] skip 06niWjyXOGs (transcript too short)
    ! download failed _-mVsfEeHIU: ERROR: [youtube] _-mVsfEeHIU: Unable to download API page: HTTPSConnection(host='www.youtu
[173/204] skip _-mVsfEeHIU (transcript too short)
    ! download failed T8_OBR45BZw: ERROR: [youtube] T8_OBR45BZw: Unable to download API page: HTTPSConnection(host='www.youtu
[174/204] skip T8_OBR45BZw (transcript too short)
    ! download failed ryuK-FDVFfk: ERROR: [youtube] ryuK-FDVFfk: Unable to download API page: HTTPSConnection(host='www.youtu
[175/204] skip ryuK-FDVFfk (transcript too short)
    ! download failed acSmFueEt9E: ERROR: [youtube] acSmFueEt9E: Unable to download API page: HTTPSConnection(host='www.youtu
[176/204] skip acSmFueEt9E (transcript too short)
    ! download failed QZw8fWnzTaI: ERROR: [youtube] QZw8fWnzTaI: Unable to download API page: HTTPSConnection(host='www.youtu
[177/204] skip QZw8fWnzTaI (transcript too short)
    ! download failed Ina_HGxdLXA: ERROR: [youtube] Ina_HGxdLXA: Unable to download API page: HTTPSConnection(host='www.youtu
[178/204] skip Ina_HGxdLXA (transcript too short)
    ! download failed h1X1EBQUE5k: ERROR: [youtube] h1X1EBQUE5k: Unable to download API page: HTTPSConnection(host='www.youtu
[179/204] skip h1X1EBQUE5k (transcript too short)
    ! download failed oGgvHif6vMU: ERROR: [youtube] oGgvHif6vMU: Unable to download API page: HTTPSConnection(host='www.youtu
[180/204] skip oGgvHif6vMU (transcript too short)
    ! download failed WFjS9a93b0I: ERROR: [youtube] WFjS9a93b0I: Unable to download API page: HTTPSConnection(host='www.youtu
[181/204] skip WFjS9a93b0I (transcript too short)
    ! download failed 0fYeSir-xaw: ERROR: [youtube] 0fYeSir-xaw: Unable to download API page: HTTPSConnection(host='www.youtu
[182/204] skip 0fYeSir-xaw (transcript too short)
    ! download failed gusgOKljVXA: ERROR: [youtube] gusgOKljVXA: Unable to download API page: HTTPSConnection(host='www.youtu
[183/204] skip gusgOKljVXA (transcript too short)
    ! download failed eqU9VjOEg0A: ERROR: [youtube] eqU9VjOEg0A: Unable to download API page: HTTPSConnection(host='www.youtu
[184/204] skip eqU9VjOEg0A (transcript too short)
    ! download failed TFhgr5oE1Wg: ERROR: [youtube] TFhgr5oE1Wg: Unable to download API page: HTTPSConnection(host='www.youtu
[185/204] skip TFhgr5oE1Wg (transcript too short)
    ! download failed mjQcbDdyvAk: ERROR: [youtube] mjQcbDdyvAk: Unable to download API page: HTTPSConnection(host='www.youtu
[186/204] skip mjQcbDdyvAk (transcript too short)
    ! download failed i6C91belxQE: ERROR: [youtube] i6C91belxQE: Unable to download API page: HTTPSConnection(host='www.youtu
[187/204] skip i6C91belxQE (transcript too short)
    ! download failed uZbGX_zu_lY: ERROR: [youtube] uZbGX_zu_lY: Unable to download API page: HTTPSConnection(host='www.youtu
[188/204] skip uZbGX_zu_lY (transcript too short)
    ! download failed xmE0wkhPqNQ: ERROR: [youtube] xmE0wkhPqNQ: Unable to download API page: HTTPSConnection(host='www.youtu
[189/204] skip xmE0wkhPqNQ (transcript too short)
    ! download failed r6LT7S2ZHMw: ERROR: [youtube] r6LT7S2ZHMw: Unable to download API page: HTTPSConnection(host='www.youtu
[190/204] skip r6LT7S2ZHMw (transcript too short)
    ! download failed HMTMun3BL_0: ERROR: [youtube] HMTMun3BL_0: Unable to download API page: HTTPSConnection(host='www.youtu
[191/204] skip HMTMun3BL_0 (transcript too short)
    ! download failed IE4hR40BsXQ: ERROR: [youtube] IE4hR40BsXQ: Unable to download API page: HTTPSConnection(host='www.youtu
[192/204] skip IE4hR40BsXQ (transcript too short)
    ! download failed CfYY3tQQZlo: ERROR: [youtube] CfYY3tQQZlo: Unable to download API page: HTTPSConnection(host='www.youtu
[193/204] skip CfYY3tQQZlo (transcript too short)
    ! download failed 3UH0jatfoQI: ERROR: [youtube] 3UH0jatfoQI: Unable to download API page: HTTPSConnection(host='www.youtu
[194/204] skip 3UH0jatfoQI (transcript too short)
    ! download failed 7whEYWZP8Lo: ERROR: [youtube] 7whEYWZP8Lo: Unable to download API page: HTTPSConnection(host='www.youtu
[195/204] skip 7whEYWZP8Lo (transcript too short)
    ! download failed uaCL69ViiqU: ERROR: [youtube] uaCL69ViiqU: Unable to download API page: HTTPSConnection(host='www.youtu
[196/204] skip uaCL69ViiqU (transcript too short)
    ! download failed yU_cRz1IjQo: ERROR: [youtube] yU_cRz1IjQo: Unable to download API page: HTTPSConnection(host='www.youtu
[197/204] skip yU_cRz1IjQo (transcript too short)
    ! download failed aR7JChNRZ2o: ERROR: [youtube] aR7JChNRZ2o: Unable to download API page: HTTPSConnection(host='www.youtu
[198/204] skip aR7JChNRZ2o (transcript too short)
    ! download failed ZNzAQzNNnj4: ERROR: [youtube] ZNzAQzNNnj4: Unable to download API page: HTTPSConnection(host='www.youtu
[199/204] skip ZNzAQzNNnj4 (transcript too short)
    ! download failed 6XdDEIF26Nk: ERROR: [youtube] 6XdDEIF26Nk: Unable to download API page: HTTPSConnection(host='www.youtu
[200/204] skip 6XdDEIF26Nk (transcript too short)
    ! download failed wDrR2zT3iYw: ERROR: [youtube] wDrR2zT3iYw: Unable to download API page: HTTPSConnection(host='www.youtu
[201/204] skip wDrR2zT3iYw (transcript too short)
    ! download failed n9q-QxRr-TM: ERROR: [youtube] n9q-QxRr-TM: Unable to download API page: HTTPSConnection(host='www.youtu
[202/204] skip n9q-QxRr-TM (transcript too short)
    ! download failed bNmtnbTMeuw: ERROR: [youtube] bNmtnbTMeuw: Unable to download API page: HTTPSConnection(host='www.youtu
[203/204] skip bNmtnbTMeuw (transcript too short)
    ! download failed 8wPeqTCWHLk: ERROR: [youtube] 8wPeqTCWHLk: Unable to download API page: HTTPSConnection(host='www.youtu
[204/204] skip 8wPeqTCWHLk (transcript too short)
discovering (30 per query, 10 queries)...
  seed oils inflammation: 20 total
  cortisol belly fat: 41 total
  gut health probiotics: 82 total
  detox liver cleanse: 115 total
queue: 497 videos already discovered
100 to process this run, 216 already seen

    ! download failed UechPLuADuY: ERROR: unable to download video data: HTTP Error 403: Forbidden
[1/100] skip UechPLuADuY (transcript too short)
[2/100] skip N_Bjj-9Rpas (transcript too short)
    ! download failed L8mTKZi8ink: ERROR: unable to download video data: HTTP Error 403: Forbidden
[3/100] skip L8mTKZi8ink (transcript too short)
    ! download failed b6rU2i1m4yU: ERROR: unable to download video data: HTTP Error 403: Forbidden
[4/100] skip b6rU2i1m4yU (transcript too short)
    ! download failed x0YTX_NsCzU: ERROR: unable to download video data: HTTP Error 403: Forbidden
[5/100] skip x0YTX_NsCzU (transcript too short)
[6/100] HUMAN_ONLY  ai=0.000  Chasing Miracles,  -
[7/100] HUMAN_ONLY  ai=0.000  alkalife Natural A -
    ! download failed O2hp3fO0P8g: ERROR: unable to download video data: HTTP Error 403: Forbidden
[8/100] skip O2hp3fO0P8g (transcript too short)
    ! download failed IQetoJTQ05E: ERROR: unable to download video data: HTTP Error 403: Forbidden
[9/100] skip IQetoJTQ05E (transcript too short)
    ! download failed I3dgvuaTogo: ERROR: unable to download video data: HTTP Error 403: Forbidden
[10/100] skip I3dgvuaTogo (transcript too short)
    ! download failed IS7GZnIJ9uA: ERROR: unable to download video data: HTTP Error 403: Forbidden
[11/100] skip IS7GZnIJ9uA (transcript too short)
    ! download failed r77hJXCBo0E: ERROR: unable to download video data: HTTP Error 403: Forbidden
[12/100] skip r77hJXCBo0E (transcript too short)
    ! download failed mJT_irzeEMc: ERROR: unable to download video data: HTTP Error 403: Forbidden
[13/100] skip mJT_irzeEMc (transcript too short)
    ! download failed 14R-AUxayF4: ERROR: unable to download video data: HTTP Error 403: Forbidden
[14/100] skip 14R-AUxayF4 (transcript too short)
    ! download failed pk89-9v1EXw: ERROR: unable to download video data: HTTP Error 403: Forbidden
[15/100] skip pk89-9v1EXw (transcript too short)
[16/100] HUMAN_ONLY  ai=0.012  MEDWIKI            Everything in threes
    ! download failed 8hCkOy0PBTM: ERROR: unable to download video data: HTTP Error 403: Forbidden
[17/100] skip 8hCkOy0PBTM (transcript too short)
[18/100] HUMAN_ONLY  ai=0.000  Raise Them Well    -
[19/100] HUMAN_ONLY  ai=0.000  Vital Plan         -
    ! download failed XI9ulIoiHJc: ERROR: unable to download video data: HTTP Error 403: Forbidden
[20/100] skip XI9ulIoiHJc (transcript too short)
[21/100] HUMAN_ONLY  ai=0.000  Bassi Clinic       -
    ! download failed hLab878DF9I: ERROR: unable to download video data: HTTP Error 403: Forbidden
[22/100] skip hLab878DF9I (transcript too short)
    ! download failed 56SZxuH9juU: ERROR: unable to download video data: HTTP Error 403: Forbidden
[23/100] skip 56SZxuH9juU (transcript too short)
    ! download failed iTdPEetP3TU: ERROR: unable to download video data: HTTP Error 403: Forbidden
[24/100] skip iTdPEetP3TU (transcript too short)
[25/100] HUMAN_ONLY  ai=0.000  Functional Medicin -
    ! download failed k3EjVJ5xqhk: ERROR: unable to download video data: HTTP Error 403: Forbidden
[26/100] skip k3EjVJ5xqhk (transcript too short)
[27/100] HUMAN_ONLY  ai=0.000  Dr. Andrew Neville -
[28/100] HUMAN_ONLY  ai=0.000  LAM CLINIC TUSTIN  -
    ! download failed PNhsgn0jCHk: ERROR: unable to download video data: HTTP Error 403: Forbidden
[29/100] skip PNhsgn0jCHk (transcript too short)
[30/100] HUMAN_ONLY  ai=0.000  LOCAL 12           -
[31/100] HUMAN_ONLY  ai=0.000  Dr. Stirrett       -
    ! download failed nLrs5EVzyfo: ERROR: unable to download video data: HTTP Error 403: Forbidden
[32/100] skip nLrs5EVzyfo (transcript too short)
[33/100] HUMAN_ONLY  ai=0.000  Good Samaritan Hos -
[34/100] HUMAN_ONLY  ai=0.000  Dr. Sean Bryan DC  -
    ! download failed UiL9_eNra5Q: ERROR: unable to download video data: HTTP Error 403: Forbidden
[35/100] skip UiL9_eNra5Q (transcript too short)
[36/100] HUMAN_ONLY  ai=0.000  Cincinnati Childre -
[37/100] skip kEO11En-zb0 (transcript too short)
[38/100] HUMAN_ONLY  ai=0.000  MyLeakyGutSyndrome -
    ! download failed Ygrghq0G16Q: ERROR: unable to download video data: HTTP Error 403: Forbidden
[39/100] skip Ygrghq0G16Q (transcript too short)
    ! download failed UQFv9JCZ7qo: ERROR: unable to download video data: HTTP Error 403: Forbidden
[40/100] skip UQFv9JCZ7qo (transcript too short)
    ! download failed 0Sk-ssnxRSU: ERROR: unable to download video data: HTTP Error 403: Forbidden
[41/100] skip 0Sk-ssnxRSU (transcript too short)
    ! download failed wsQVs7rfqOg: ERROR: unable to download video data: HTTP Error 403: Forbidden
[42/100] skip wsQVs7rfqOg (transcript too short)
    ! download failed iUzyPCPheJA: ERROR: unable to download video data: HTTP Error 403: Forbidden
[43/100] skip iUzyPCPheJA (transcript too short)
    ! download failed Q2xlV4ivJrk: ERROR: unable to download video data: HTTP Error 403: Forbidden
[44/100] skip Q2xlV4ivJrk (transcript too short)
    ! download failed 9BGtz-f9iXw: ERROR: unable to download video data: HTTP Error 403: Forbidden
[45/100] skip 9BGtz-f9iXw (transcript too short)
    ! download failed iFnxyaqiQlQ: ERROR: unable to download video data: HTTP Error 403: Forbidden
[46/100] skip iFnxyaqiQlQ (transcript too short)
    ! download failed fHy_VU9Qe_Q: ERROR: unable to download video data: HTTP Error 403: Forbidden
[47/100] skip fHy_VU9Qe_Q (transcript too short)
    ! download failed 0YSnj2jBcGI: ERROR: unable to download video data: HTTP Error 403: Forbidden
[48/100] skip 0YSnj2jBcGI (transcript too short)
[49/100] HUMAN_ONLY  ai=0.069  Redcliffe Labs Sho -
    ! download failed Dx9XfmqHfRM: ERROR: unable to download video data: HTTP Error 403: Forbidden
[50/100] skip Dx9XfmqHfRM (transcript too short)
    ! download failed t5s3g4TNR-U: ERROR: unable to download video data: HTTP Error 403: Forbidden
[51/100] skip t5s3g4TNR-U (transcript too short)
[52/100] HUMAN_ONLY  ai=0.000  UCI Otolaryngology -
    ! download failed 4MEGeFiohd8: ERROR: unable to download video data: HTTP Error 403: Forbidden
[53/100] skip 4MEGeFiohd8 (transcript too short)
    ! download failed UVJdIVsRHAc: ERROR: unable to download video data: HTTP Error 403: Forbidden
[54/100] skip UVJdIVsRHAc (transcript too short)
[55/100] HUMAN_ONLY  ai=0.000  Possible           -
    ! download failed JHgHV8ZdgOc: ERROR: unable to download video data: HTTP Error 403: Forbidden
[56/100] skip JHgHV8ZdgOc (transcript too short)
    ! download failed Lo5KeLgJXNo: ERROR: unable to download video data: HTTP Error 403: Forbidden
[57/100] skip Lo5KeLgJXNo (transcript too short)
    ! download failed OutFmR9WRJ4: ERROR: unable to download video data: HTTP Error 403: Forbidden
[58/100] skip OutFmR9WRJ4 (transcript too short)
    ! download failed V2NBV6tLB1s: ERROR: unable to download video data: HTTP Error 403: Forbidden
[59/100] skip V2NBV6tLB1s (transcript too short)
    ! download failed n1k3tzIydYs: ERROR: unable to download video data: HTTP Error 403: Forbidden
[60/100] skip n1k3tzIydYs (transcript too short)
    ! download failed OhPyLCjHJzI: ERROR: unable to download video data: HTTP Error 403: Forbidden
[61/100] skip OhPyLCjHJzI (transcript too short)
    ! download failed XCFylxBKLcY: ERROR: unable to download video data: HTTP Error 403: Forbidden
[62/100] skip XCFylxBKLcY (transcript too short)
    ! download failed jiHEm9zZlfQ: ERROR: unable to download video data: HTTP Error 403: Forbidden
[63/100] skip jiHEm9zZlfQ (transcript too short)
    ! download failed nXuXJ-VSeS8: ERROR: unable to download video data: HTTP Error 403: Forbidden
[64/100] skip nXuXJ-VSeS8 (transcript too short)
    ! download failed gh8xQrnU1M4: ERROR: unable to download video data: HTTP Error 403: Forbidden
[65/100] skip gh8xQrnU1M4 (transcript too short)
[66/100] HUMAN_ONLY  ai=0.006  Voodoo Power       -
[67/100] HUMAN_ONLY  ai=0.000  Whole Family Produ -
    ! download failed a4XcC3-kgl0: ERROR: unable to download video data: HTTP Error 403: Forbidden
[68/100] skip a4XcC3-kgl0 (transcript too short)
    ! download failed fGMtYFUUjA8: ERROR: unable to download video data: HTTP Error 403: Forbidden
[69/100] skip fGMtYFUUjA8 (transcript too short)
    ! download failed -6PIN0G_bBM: ERROR: unable to download video data: HTTP Error 403: Forbidden
[70/100] skip -6PIN0G_bBM (transcript too short)
    ! download failed aiWr5Akjlh8: ERROR: unable to download video data: HTTP Error 403: Forbidden
[71/100] skip aiWr5Akjlh8 (transcript too short)
[72/100] AI_ONLY     ai=1.000  A.M. Health & Fitn Everything in threes, Sales-pitch tone
    ! download failed 3NrFTY0P5_k: ERROR: unable to download video data: HTTP Error 403: Forbidden
[73/100] skip 3NrFTY0P5_k (transcript too short)
    ! download failed yL_WFhYLS50: ERROR: unable to download video data: HTTP Error 403: Forbidden
[74/100] skip yL_WFhYLS50 (transcript too short)
    ! download failed KCPE5_MtRyc: ERROR: unable to download video data: HTTP Error 403: Forbidden
[75/100] skip KCPE5_MtRyc (transcript too short)
    ! download failed VI1v3d5-lL0: ERROR: unable to download video data: HTTP Error 403: Forbidden
[76/100] skip VI1v3d5-lL0 (transcript too short)
    ! download failed Vswrbvc1ASw: ERROR: unable to download video data: HTTP Error 403: Forbidden
[77/100] skip Vswrbvc1ASw (transcript too short)
    ! download failed A8ivrrKA21M: ERROR: unable to download video data: HTTP Error 403: Forbidden
[78/100] skip A8ivrrKA21M (transcript too short)
    ! download failed tnN_QIqzLMo: ERROR: unable to download video data: HTTP Error 403: Forbidden
[79/100] skip tnN_QIqzLMo (transcript too short)
    ! download failed kro0jPJjo78: ERROR: unable to download video data: HTTP Error 403: Forbidden
[80/100] skip kro0jPJjo78 (transcript too short)
    ! download failed PYUOmnynZeU: ERROR: unable to download video data: HTTP Error 403: Forbidden
[81/100] skip PYUOmnynZeU (transcript too short)
[82/100] HUMAN_ONLY  ai=0.000  Derma Essentia     -
[83/100] HUMAN_ONLY  ai=0.000  Wellbeing Nutritio -
    ! download failed rfGM5pK4MWA: ERROR: unable to download video data: HTTP Error 403: Forbidden
[84/100] skip rfGM5pK4MWA (transcript too short)
    ! download failed y4YRcgR9jeQ: ERROR: unable to download video data: HTTP Error 403: Forbidden
[85/100] skip y4YRcgR9jeQ (transcript too short)
    ! download failed F1hULtRVpJM: ERROR: unable to download video data: HTTP Error 403: Forbidden
[86/100] skip F1hULtRVpJM (transcript too short)
[87/100] HUMAN_ONLY  ai=0.000  GradeOne Nutrition -
    ! download failed NQXuXTApKNs: ERROR: unable to download video data: HTTP Error 403: Forbidden
[88/100] skip NQXuXTApKNs (transcript too short)
[89/100] HUMAN_ONLY  ai=0.000  Momentous          -
[90/100] skip 2w1tdbOJrEc (transcript too short)
[91/100] skip sb_2G4YqtNU (transcript too short)
    ! download failed udebdKvmZ3Y: ERROR: unable to download video data: HTTP Error 403: Forbidden
[92/100] skip udebdKvmZ3Y (transcript too short)
[93/100] skip Fttgaq54wlE (transcript too short)
    ! download failed l3X0hMyxkK4: ERROR: unable to download video data: HTTP Error 403: Forbidden
[94/100] skip l3X0hMyxkK4 (transcript too short)
    ! download failed Rlra52XvN50: ERROR: unable to download video data: HTTP Error 403: Forbidden
[95/100] skip Rlra52XvN50 (transcript too short)
    ! download failed 1-biGLsfPCE: ERROR: unable to download video data: HTTP Error 403: Forbidden
[96/100] skip 1-biGLsfPCE (transcript too short)
    ! download failed P8pnzjQsAL0: ERROR: unable to download video data: HTTP Error 403: Forbidden
[97/100] skip P8pnzjQsAL0 (transcript too short)
    ! download failed mj4Ci9cTE7w: ERROR: unable to download video data: HTTP Error 403: Forbidden
[98/100] skip mj4Ci9cTE7w (transcript too short)
    ! download failed MQ81cfD4hqk: ERROR: unable to download video data: HTTP Error 403: Forbidden
[99/100] skip MQ81cfD4hqk (transcript too short)
    ! download failed xy6snuOOi5I: ERROR: unable to download video data: HTTP Error 403: Forbidden
[100/100] skip xy6snuOOi5I (transcript too short)
queue: 497 videos already discovered
150 to process this run, 311 already seen

[1/150] skip N_Bjj-9Rpas (transcript too short)
[2/150] skip kEO11En-zb0 (transcript too short)
[3/150] skip 2w1tdbOJrEc (transcript too short)
[4/150] skip sb_2G4YqtNU (transcript too short)
[5/150] skip Fttgaq54wlE (transcript too short)
    ! download failed bFwBYzzlluw: ERROR: unable to download video data: HTTP Error 403: Forbidden
[6/150] skip bFwBYzzlluw (transcript too short)
    ! download failed 6DlvBwND3rE: ERROR: unable to download video data: HTTP Error 403: Forbidden
[7/150] skip 6DlvBwND3rE (transcript too short)
    ! download failed 4FRxkbdJ85Y: ERROR: unable to download video data: HTTP Error 403: Forbidden
[8/150] skip 4FRxkbdJ85Y (transcript too short)
[9/150] skip putHRfdQBN0 (transcript too short)
[10/150] HUMAN_ONLY  ai=0.005  Dr. Gil Fit & Fabu -
[11/150] skip neH3MJc-A2k (transcript too short)
    ! download failed 8AMr0hA2zEY: ERROR: unable to download video data: HTTP Error 403: Forbidden
[12/150] skip 8AMr0hA2zEY (transcript too short)
[13/150] HUMAN_ONLY  ai=0.000  Dr. Mindy Pelz     -
    ! download failed axNOy96x8Eg: ERROR: unable to download video data: HTTP Error 403: Forbidden
[14/150] skip axNOy96x8Eg (transcript too short)
[15/150] HUMAN_ONLY  ai=0.000  FastBlast          -
    ! download failed u8QUaF90Ub4: ERROR: unable to download video data: HTTP Error 403: Forbidden
[16/150] skip u8QUaF90Ub4 (transcript too short)
    ! download failed GOMLXoIMLdE: ERROR: unable to download video data: HTTP Error 403: Forbidden
[17/150] skip GOMLXoIMLdE (transcript too short)
    ! download failed 9cMNBP4tHm0: ERROR: unable to download video data: HTTP Error 403: Forbidden
[18/150] skip 9cMNBP4tHm0 (transcript too short)
    ! download failed IP9vV_w88xA: ERROR: unable to download video data: HTTP Error 403: Forbidden
[19/150] skip IP9vV_w88xA (transcript too short)
    ! download failed 1Efol4-tfds: ERROR: unable to download video data: HTTP Error 403: Forbidden
[20/150] skip 1Efol4-tfds (transcript too short)
    ! download failed oHB-eQ3Mod4: ERROR: unable to download video data: HTTP Error 403: Forbidden
[21/150] skip oHB-eQ3Mod4 (transcript too short)
[22/150] skip V3Fs_R1wJn4 (transcript too short)
[23/150] HUMAN_ONLY  ai=0.000  James Swanwick     -
    ! download failed gYVli2SeNFs: ERROR: unable to download video data: HTTP Error 403: Forbidden
[24/150] skip gYVli2SeNFs (transcript too short)
    ! download failed 4Z5B6vwQeMI: ERROR: unable to download video data: HTTP Error 403: Forbidden
[25/150] skip 4Z5B6vwQeMI (transcript too short)
    ! download failed GvKc3MPmhs8: ERROR: unable to download video data: HTTP Error 403: Forbidden
[26/150] skip GvKc3MPmhs8 (transcript too short)
    ! download failed ZCiOt8BZUmE: ERROR: unable to download video data: HTTP Error 403: Forbidden
[27/150] skip ZCiOt8BZUmE (transcript too short)
[28/150] skip TrPBhnYXn6U (transcript too short)
    ! download failed MaG4CjKhPf8: ERROR: unable to download video data: HTTP Error 403: Forbidden
[29/150] skip MaG4CjKhPf8 (transcript too short)
    ! download failed PZztvwFv7Hg: ERROR: unable to download video data: HTTP Error 403: Forbidden
[30/150] skip PZztvwFv7Hg (transcript too short)
    ! download failed Y_mwFg7W28Y: ERROR: unable to download video data: HTTP Error 403: Forbidden
[31/150] skip Y_mwFg7W28Y (transcript too short)
    ! download failed wSG2Ibp-i-U: ERROR: unable to download video data: HTTP Error 403: Forbidden
[32/150] skip wSG2Ibp-i-U (transcript too short)
    ! download failed NThlJR_LSGs: ERROR: unable to download video data: HTTP Error 403: Forbidden
[33/150] skip NThlJR_LSGs (transcript too short)
    ! download failed iUd6ZLBRm7g: ERROR: unable to download video data: HTTP Error 403: Forbidden
[34/150] skip iUd6ZLBRm7g (transcript too short)
    ! download failed LHYZs4I-J-k: ERROR: unable to download video data: HTTP Error 403: Forbidden
[35/150] skip LHYZs4I-J-k (transcript too short)
    ! download failed 76xMgVsxzmg: ERROR: unable to download video data: HTTP Error 403: Forbidden
[36/150] skip 76xMgVsxzmg (transcript too short)
[37/150] HUMAN_ONLY  ai=0.000  My Sleep Glasses   -
[38/150] HUMAN_ONLY  ai=0.000  Lemonerdy          -
    ! download failed 7QkbnZ2gdCs: ERROR: unable to download video data: HTTP Error 403: Forbidden
[39/150] skip 7QkbnZ2gdCs (transcript too short)
[40/150] skip jNiHyOqGf20 (transcript too short)
[41/150] HUMAN_ONLY  ai=0.000  travelroller       -
    ! download failed Ppcj9HApH7I: ERROR: unable to download video data: HTTP Error 403: Forbidden
[42/150] skip Ppcj9HApH7I (transcript too short)
    ! download failed wtq7LviqlAQ: ERROR: unable to download video data: HTTP Error 403: Forbidden
[43/150] skip wtq7LviqlAQ (transcript too short)
    ! download failed zWTUj_PVpj8: ERROR: unable to download video data: HTTP Error 403: Forbidden
[44/150] skip zWTUj_PVpj8 (transcript too short)
[45/150] HUMAN_ONLY  ai=0.000  Tennant Institute  -
    ! download failed nD2gaKALw0c: ERROR: unable to download video data: HTTP Error 403: Forbidden
[46/150] skip nD2gaKALw0c (transcript too short)
[47/150] HUMAN_ONLY  ai=0.000  Joel Kahn, MD, Hea -
[48/150] HUMAN_ONLY  ai=0.000  NadiMay Repose     Phantom experts
    ! download failed mmP63jKGsnY: ERROR: unable to download video data: HTTP Error 403: Forbidden
[49/150] skip mmP63jKGsnY (transcript too short)
    ! download failed Z-fGC-KsRGg: ERROR: unable to download video data: HTTP Error 403: Forbidden
[50/150] skip Z-fGC-KsRGg (transcript too short)
    ! download failed VbNEB0ugodQ: ERROR: unable to download video data: HTTP Error 403: Forbidden
[51/150] skip VbNEB0ugodQ (transcript too short)
[52/150] HUMAN_ONLY  ai=0.000  Grounded Wellness  -
    ! download failed EwllmzjW-5k: ERROR: unable to download video data: HTTP Error 403: Forbidden
[53/150] skip EwllmzjW-5k (transcript too short)
    ! download failed QTJrkQxUtQE: ERROR: unable to download video data: HTTP Error 403: Forbidden
[54/150] skip QTJrkQxUtQE (transcript too short)
    ! download failed JqawOUBcddo: ERROR: unable to download video data: HTTP Error 403: Forbidden
[55/150] skip JqawOUBcddo (transcript too short)
    ! download failed Igfu_600fyU: ERROR: unable to download video data: HTTP Error 403: Forbidden
[56/150] skip Igfu_600fyU (transcript too short)
    ! download failed GUILcLOolLs: ERROR: unable to download video data: HTTP Error 403: Forbidden
[57/150] skip GUILcLOolLs (transcript too short)
    ! download failed 5uT0mWryf-c: ERROR: unable to download video data: HTTP Error 403: Forbidden
[58/150] skip 5uT0mWryf-c (transcript too short)
[59/150] HUMAN_ONLY  ai=0.000  Arcora Foundation  -
    ! download failed 2rDzbK1R6Cg: ERROR: unable to download video data: HTTP Error 403: Forbidden
[60/150] skip 2rDzbK1R6Cg (transcript too short)
    ! download failed 4CSgyImLR20: ERROR: unable to download video data: HTTP Error 403: Forbidden
[61/150] skip 4CSgyImLR20 (transcript too short)
[62/150] HUMAN_ONLY  ai=0.000  Doctors' Circle Wo -
[63/150] skip a91_6qNcLX4 (transcript too short)
[64/150] HUMAN_ONLY  ai=0.000  CBS Boston         -
    ! download failed swiNRxyz5R8: ERROR: unable to download video data: HTTP Error 403: Forbidden
[65/150] skip swiNRxyz5R8 (transcript too short)
    ! download failed VMdzDwVoX6c: ERROR: unable to download video data: HTTP Error 403: Forbidden
[66/150] skip VMdzDwVoX6c (transcript too short)
    ! download failed NYV681IphVg: ERROR: unable to download video data: HTTP Error 403: Forbidden
[67/150] skip NYV681IphVg (transcript too short)
    ! download failed YpUoQfjInog: ERROR: unable to download video data: HTTP Error 403: Forbidden
[68/150] skip YpUoQfjInog (transcript too short)
    ! download failed 90UqKVitfjk: ERROR: unable to download video data: HTTP Error 403: Forbidden
[69/150] skip 90UqKVitfjk (transcript too short)
    ! download failed L98AjWX1vqE: ERROR: unable to download video data: HTTP Error 403: Forbidden
[70/150] skip L98AjWX1vqE (transcript too short)
    ! download failed tzsiM7Jjw5o: ERROR: unable to download video data: HTTP Error 403: Forbidden
[71/150] skip tzsiM7Jjw5o (transcript too short)
    ! download failed HhjPJdC4pkk: ERROR: unable to download video data: HTTP Error 403: Forbidden
[72/150] skip HhjPJdC4pkk (transcript too short)
    ! download failed aGhnaoS8hOw: ERROR: unable to download video data: HTTP Error 403: Forbidden
[73/150] skip aGhnaoS8hOw (transcript too short)
    ! download failed IhJRiKKMvbw: ERROR: unable to download video data: HTTP Error 403: Forbidden
[74/150] skip IhJRiKKMvbw (transcript too short)
    ! download failed joRZZzHm2fw: ERROR: unable to download video data: HTTP Error 403: Forbidden
[75/150] skip joRZZzHm2fw (transcript too short)
    ! download failed PNh-f7NpA-A: ERROR: unable to download video data: HTTP Error 403: Forbidden
[76/150] skip PNh-f7NpA-A (transcript too short)
    ! download failed kLmgZuMUdcs: ERROR: unable to download video data: HTTP Error 403: Forbidden
[77/150] skip kLmgZuMUdcs (transcript too short)
    ! download failed cKGNkAMYD68: ERROR: unable to download video data: HTTP Error 403: Forbidden
[78/150] skip cKGNkAMYD68 (transcript too short)
    ! download failed sBDacISVgYg: ERROR: unable to download video data: HTTP Error 403: Forbidden
[79/150] skip sBDacISVgYg (transcript too short)
    ! download failed TgHy0Y4nfB4: ERROR: unable to download video data: HTTP Error 403: Forbidden
[80/150] skip TgHy0Y4nfB4 (transcript too short)
[81/150] HUMAN_ONLY  ai=0.000  Athletes Ability   -
    ! download failed tUBYVK8ztPk: ERROR: unable to download video data: HTTP Error 403: Forbidden
[82/150] skip tUBYVK8ztPk (transcript too short)
    ! download failed Y-_FIxqlyKU: ERROR: unable to download video data: HTTP Error 403: Forbidden
[83/150] skip Y-_FIxqlyKU (transcript too short)
[84/150] HUMAN_ONLY  ai=0.000  OwlSwap            -
    ! download failed 7Jj-XkKvCL4: ERROR: unable to download video data: HTTP Error 403: Forbidden
[85/150] skip 7Jj-XkKvCL4 (transcript too short)
[86/150] skip c1EBzmZzHrk (transcript too short)
[87/150] HUMAN_ONLY  ai=0.000  Lush Cosmetics - M -
    ! download failed pai2OsNuqrs: ERROR: unable to download video data: HTTP Error 403: Forbidden
[88/150] skip pai2OsNuqrs (transcript too short)
    ! download failed G6qGKWpdzck: ERROR: unable to download video data: HTTP Error 403: Forbidden
[89/150] skip G6qGKWpdzck (transcript too short)
    ! download failed ZRrtWQ8oeIU: ERROR: unable to download video data: HTTP Error 403: Forbidden
[90/150] skip ZRrtWQ8oeIU (transcript too short)
    ! download failed uQe9-Hh09Wo: ERROR: unable to download video data: HTTP Error 403: Forbidden
[91/150] skip uQe9-Hh09Wo (transcript too short)
    ! download failed QEnAhLmHh8Q: ERROR: unable to download video data: HTTP Error 403: Forbidden
[92/150] skip QEnAhLmHh8Q (transcript too short)
[93/150] HUMAN_ONLY  ai=0.000  LAM CLINIC TUSTIN  -
[94/150] HUMAN_ONLY  ai=0.000  11Alive            -
[95/150] HUMAN_ONLY  ai=0.000  Go See Christy     -
[96/150] HUMAN_ONLY  ai=0.000  L'Oreal Profession -
[97/150] HUMAN_ONLY  ai=0.000  Dr. Sam Berne      -
    ! download failed WASITF7kH_s: ERROR: unable to download video data: HTTP Error 403: Forbidden
[98/150] skip WASITF7kH_s (transcript too short)
    ! download failed xp-HaHSUDgE: ERROR: unable to download video data: HTTP Error 403: Forbidden
[99/150] skip xp-HaHSUDgE (transcript too short)
    ! download failed vfRxx7zXATA: ERROR: unable to download video data: HTTP Error 403: Forbidden
[100/150] skip vfRxx7zXATA (transcript too short)
    ! download failed wKoSBCmzg18: ERROR: unable to download video data: HTTP Error 403: Forbidden
[101/150] skip wKoSBCmzg18 (transcript too short)
[102/150] HUMAN_ONLY  ai=0.000  Dr. Wendy Myers    -
    ! download failed F480WFZiEps: ERROR: unable to download video data: HTTP Error 403: Forbidden
[103/150] skip F480WFZiEps (transcript too short)
    ! download failed ojYFekXvYB8: ERROR: unable to download video data: HTTP Error 403: Forbidden
[104/150] skip ojYFekXvYB8 (transcript too short)
    ! download failed A_jBzzrwkuk: ERROR: unable to download video data: HTTP Error 403: Forbidden
[105/150] skip A_jBzzrwkuk (transcript too short)
[106/150] HUMAN_ONLY  ai=0.000  CanXida            -
    ! download failed cO463MOoNZc: ERROR: unable to download video data: HTTP Error 403: Forbidden
[107/150] skip cO463MOoNZc (transcript too short)
    ! download failed 4b4yIgPfaXI: ERROR: unable to download video data: HTTP Error 403: Forbidden
[108/150] skip 4b4yIgPfaXI (transcript too short)
    ! download failed pqbuKAOQSwg: ERROR: unable to download video data: HTTP Error 403: Forbidden
[109/150] skip pqbuKAOQSwg (transcript too short)
    ! download failed 6ls2kMM1viw: ERROR: unable to download video data: HTTP Error 403: Forbidden
[110/150] skip 6ls2kMM1viw (transcript too short)
    ! download failed zVv8RVRXnZQ: ERROR: unable to download video data: HTTP Error 403: Forbidden
[111/150] skip zVv8RVRXnZQ (transcript too short)
[112/150] skip WQJjtxIzy8Y (transcript too short)
    ! download failed 4_XzyIQOklk: ERROR: unable to download video data: HTTP Error 403: Forbidden
[113/150] skip 4_XzyIQOklk (transcript too short)
[114/150] skip bPn0U_uS9IU (transcript too short)
[115/150] HUMAN_ONLY  ai=0.000  Performance Medici -
[116/150] HUMAN_ONLY  ai=0.000  Yeast Infection Cu -
[117/150] skip SXIdnFsGvJ8 (transcript too short)
    ! download failed QXwYIChDP1M: ERROR: unable to download video data: HTTP Error 403: Forbidden
[118/150] skip QXwYIChDP1M (transcript too short)
    ! download failed IvCBaQwkwD4: ERROR: unable to download video data: HTTP Error 403: Forbidden
[119/150] skip IvCBaQwkwD4 (transcript too short)
    ! download failed JRmUgyET9l8: ERROR: unable to download video data: HTTP Error 403: Forbidden
[120/150] skip JRmUgyET9l8 (transcript too short)
    ! download failed 25_w99Rfuaw: ERROR: unable to download video data: HTTP Error 403: Forbidden
[121/150] skip 25_w99Rfuaw (transcript too short)
[122/150] skip sLCgpq6_2qY (transcript too short)
    ! download failed tP8vs0hOY7M: ERROR: unable to download video data: HTTP Error 403: Forbidden
[123/150] skip tP8vs0hOY7M (transcript too short)
    ! download failed y97U374qsAc: ERROR: unable to download video data: HTTP Error 403: Forbidden
[124/150] skip y97U374qsAc (transcript too short)
    ! download failed oAxy0CYDqRQ: ERROR: unable to download video data: HTTP Error 403: Forbidden
[125/150] skip oAxy0CYDqRQ (transcript too short)
    ! download failed _9WndqtOSzw: ERROR: unable to download video data: HTTP Error 403: Forbidden
[126/150] skip _9WndqtOSzw (transcript too short)
[127/150] HUMAN_ONLY  ai=0.000  AllHealthGo        -
    ! download failed lEGhcRBJ5TA: ERROR: unable to download video data: HTTP Error 403: Forbidden
[128/150] skip lEGhcRBJ5TA (transcript too short)
    ! download failed rYF7J1JTtDk: ERROR: unable to download video data: HTTP Error 403: Forbidden
[129/150] skip rYF7J1JTtDk (transcript too short)
    ! download failed jEF4_dVYiak: ERROR: unable to download video data: HTTP Error 403: Forbidden
[130/150] skip jEF4_dVYiak (transcript too short)
    ! download failed CXbg0KSl0Ew: ERROR: unable to download video data: HTTP Error 403: Forbidden
[131/150] skip CXbg0KSl0Ew (transcript too short)
    ! download failed 7dHXi-FXQO0: ERROR: unable to download video data: HTTP Error 403: Forbidden
[132/150] skip 7dHXi-FXQO0 (transcript too short)
    ! download failed mZL7xu_cWvo: ERROR: unable to download video data: HTTP Error 403: Forbidden
[133/150] skip mZL7xu_cWvo (transcript too short)
    ! download failed QwOijQQfztk: ERROR: unable to download video data: HTTP Error 403: Forbidden
[134/150] skip QwOijQQfztk (transcript too short)
[135/150] HUMAN_ONLY  ai=0.002  Histamine Haven    -
    ! download failed go3zFd2uVTM: ERROR: unable to download video data: HTTP Error 403: Forbidden
[136/150] skip go3zFd2uVTM (transcript too short)
    ! download failed Ii47vI-fYCo: ERROR: unable to download video data: HTTP Error 403: Forbidden
[137/150] skip Ii47vI-fYCo (transcript too short)
    ! download failed 83ANEC840Vw: ERROR: unable to download video data: HTTP Error 403: Forbidden
[138/150] skip 83ANEC840Vw (transcript too short)
    ! download failed PfFwJ23uNhI: ERROR: unable to download video data: HTTP Error 403: Forbidden
[139/150] skip PfFwJ23uNhI (transcript too short)
    ! download failed dGAgetQI4QY: ERROR: unable to download video data: HTTP Error 403: Forbidden
[140/150] skip dGAgetQI4QY (transcript too short)
    ! download failed sszo5cCacaM: ERROR: unable to download video data: HTTP Error 403: Forbidden
[141/150] skip sszo5cCacaM (transcript too short)
    ! download failed 9c1UbDFikwY: ERROR: unable to download video data: HTTP Error 403: Forbidden
[142/150] skip 9c1UbDFikwY (transcript too short)
    ! download failed CpZmiii0gnw: ERROR: unable to download video data: HTTP Error 403: Forbidden
[143/150] skip CpZmiii0gnw (transcript too short)
[144/150] HUMAN_ONLY  ai=0.000  Joanne Kennedy - N -
    ! download failed 7yHb7WiopQU: ERROR: unable to download video data: HTTP Error 403: Forbidden
[145/150] skip 7yHb7WiopQU (transcript too short)
    ! download failed XlzMSFoCXIk: ERROR: unable to download video data: HTTP Error 403: Forbidden
[146/150] skip XlzMSFoCXIk (transcript too short)
    ! download failed raNCI7Z_MNM: ERROR: unable to download video data: HTTP Error 403: Forbidden
[147/150] skip raNCI7Z_MNM (transcript too short)
    ! download failed AGRz_5L3rZo: ERROR: unable to download video data: HTTP Error 403: Forbidden
[148/150] skip AGRz_5L3rZo (transcript too short)
[149/150] HUMAN_ONLY  ai=0.000  we are Klarity     -
    ! download failed GJob-BREQkw: ERROR: unable to download video data: HTTP Error 403: Forbidden
[150/150] skip GJob-BREQkw (transcript too short)
queue: 497 videos already discovered
169 to process this run, 445 already seen

[1/169] skip N_Bjj-9Rpas (transcript too short)
[2/169] skip kEO11En-zb0 (transcript too short)
[3/169] skip 2w1tdbOJrEc (transcript too short)
[4/169] skip sb_2G4YqtNU (transcript too short)
[5/169] skip Fttgaq54wlE (transcript too short)
[6/169] skip putHRfdQBN0 (transcript too short)
[7/169] skip neH3MJc-A2k (transcript too short)
[8/169] skip V3Fs_R1wJn4 (transcript too short)
[9/169] skip TrPBhnYXn6U (transcript too short)
[10/169] skip jNiHyOqGf20 (transcript too short)
[11/169] skip a91_6qNcLX4 (transcript too short)
[12/169] skip c1EBzmZzHrk (transcript too short)
[13/169] skip WQJjtxIzy8Y (transcript too short)
[14/169] skip bPn0U_uS9IU (transcript too short)
[15/169] skip SXIdnFsGvJ8 (transcript too short)
[16/169] skip sLCgpq6_2qY (transcript too short)
[17/169] HUMAN_ONLY  ai=0.000  Doc Adrian         -
    ! download failed dmhZ_VqYKMk: ERROR: unable to download video data: HTTP Error 403: Forbidden
[18/169] skip dmhZ_VqYKMk (transcript too short)
    ! download failed JaUV84VjKi0: ERROR: unable to download video data: HTTP Error 403: Forbidden
[19/169] skip JaUV84VjKi0 (transcript too short)
    ! download failed G0QX12drdik: ERROR: unable to download video data: HTTP Error 403: Forbidden
[20/169] skip G0QX12drdik (transcript too short)
    ! download failed qLoesRERtFI: ERROR: unable to download video data: HTTP Error 403: Forbidden
[21/169] skip qLoesRERtFI (transcript too short)
    ! download failed AxqWdEuD8lI: ERROR: unable to download video data: HTTP Error 403: Forbidden
[22/169] skip AxqWdEuD8lI (transcript too short)
[23/169] HUMAN_ONLY  ai=0.000  Icahn School of Me -
    ! download failed Ixa8NLutlTc: ERROR: unable to download video data: HTTP Error 403: Forbidden
[24/169] skip Ixa8NLutlTc (transcript too short)
    ! download failed j5HZxccXMyo: ERROR: unable to download video data: HTTP Error 403: Forbidden
[25/169] skip j5HZxccXMyo (transcript too short)
[26/169] HUMAN_ONLY  ai=0.002  MAYU Water         -
    ! download failed KrHovqOcxVE: ERROR: unable to download video data: HTTP Error 403: Forbidden
[27/169] skip KrHovqOcxVE (transcript too short)
[28/169] HUMAN_ONLY  ai=0.001  Niklas Gustafson   -
    ! download failed PxJoEAYoiW8: ERROR: unable to download video data: HTTP Error 403: Forbidden
[29/169] skip PxJoEAYoiW8 (transcript too short)
[30/169] HUMAN_ONLY  ai=0.000  Dr.Travis Johnson  -
    ! download failed lEBWp_O21lY: ERROR: unable to download video data: HTTP Error 403: Forbidden
[31/169] skip lEBWp_O21lY (transcript too short)
[32/169] skip 0N9UEdPo6Tw (transcript too short)
    ! download failed w2T126fjFYI: ERROR: unable to download video data: HTTP Error 403: Forbidden
[33/169] skip w2T126fjFYI (transcript too short)
[34/169] AI_ONLY     ai=1.000  Kings Health Today Sales-pitch tone
    ! download failed jet7HrxzUOs: ERROR: unable to download video data: HTTP Error 403: Forbidden
[35/169] skip jet7HrxzUOs (transcript too short)
    ! download failed rz8K_01O_iA: ERROR: unable to download video data: HTTP Error 403: Forbidden
[36/169] skip rz8K_01O_iA (transcript too short)
    ! download failed QSMzBwiXR0M: ERROR: unable to download video data: HTTP Error 403: Forbidden
[37/169] skip QSMzBwiXR0M (transcript too short)
[38/169] HUMAN_ONLY  ai=0.000  The Feed           -
[39/169] HUMAN_ONLY  ai=0.000  Doctor Bo          -
[40/169] HUMAN_ONLY  ai=0.000  Mayo Clinic Health -
    ! download failed JjkO77NeNuk: ERROR: unable to download video data: HTTP Error 403: Forbidden
[41/169] skip JjkO77NeNuk (transcript too short)
[42/169] skip vlxchz69dsM (transcript too short)
[43/169] AI_ONLY     ai=1.000  Kings Health Today Sales-pitch tone
    ! download failed pOesdZWhuZw: ERROR: unable to download video data: HTTP Error 403: Forbidden
[44/169] skip pOesdZWhuZw (transcript too short)
    ! download failed Y7gVkl-zxgQ: ERROR: unable to download video data: HTTP Error 403: Forbidden
[45/169] skip Y7gVkl-zxgQ (transcript too short)
    ! download failed OdzSujB1O88: ERROR: unable to download video data: HTTP Error 403: Forbidden
[46/169] skip OdzSujB1O88 (transcript too short)
    ! download failed hPFbTEBE6FQ: ERROR: unable to download video data: HTTP Error 403: Forbidden
[47/169] skip hPFbTEBE6FQ (transcript too short)
    ! download failed F6CLvfu8cRc: ERROR: unable to download video data: HTTP Error 403: Forbidden
[48/169] skip F6CLvfu8cRc (transcript too short)
    ! download failed MfiEPwhGFe4: ERROR: unable to download video data: HTTP Error 403: Forbidden
[49/169] skip MfiEPwhGFe4 (transcript too short)
[50/169] HUMAN_ONLY  ai=0.000  Amy B. Killen MD   -
    ! download failed wbpmRU6d4gs: ERROR: unable to download video data: HTTP Error 403: Forbidden
[51/169] skip wbpmRU6d4gs (transcript too short)
[52/169] HUMAN_ONLY  ai=0.000  Mike G             -
    ! download failed P4HZPJxRrlc: ERROR: unable to download video data: HTTP Error 403: Forbidden
[53/169] skip P4HZPJxRrlc (transcript too short)
    ! download failed RD0dXsLW-qo: ERROR: unable to download video data: HTTP Error 403: Forbidden
[54/169] skip RD0dXsLW-qo (transcript too short)
    ! download failed 9DqdIFoNMuk: ERROR: unable to download video data: HTTP Error 403: Forbidden
[55/169] skip 9DqdIFoNMuk (transcript too short)
    ! download failed zqVoPaeA8Ak: ERROR: unable to download video data: HTTP Error 403: Forbidden
[56/169] skip zqVoPaeA8Ak (transcript too short)
    ! download failed aV98lP_I_6s: ERROR: unable to download video data: HTTP Error 403: Forbidden
[57/169] skip aV98lP_I_6s (transcript too short)
[58/169] HUMAN_ONLY  ai=0.000  Supplements Simpli -
    ! download failed cY_wVu8unXw: ERROR: unable to download video data: HTTP Error 403: Forbidden
[59/169] skip cY_wVu8unXw (transcript too short)
    ! download failed rFus6ND04TM: ERROR: unable to download video data: HTTP Error 403: Forbidden
[60/169] skip rFus6ND04TM (transcript too short)
    ! download failed 9gjsuEKOQZI: ERROR: unable to download video data: HTTP Error 403: Forbidden
[61/169] skip 9gjsuEKOQZI (transcript too short)
    ! download failed lx3jTlNA0Kg: ERROR: unable to download video data: HTTP Error 403: Forbidden
[62/169] skip lx3jTlNA0Kg (transcript too short)
    ! download failed I5NKECYGUWE: ERROR: unable to download video data: HTTP Error 403: Forbidden
[63/169] skip I5NKECYGUWE (transcript too short)
    ! download failed B_AWtunvMMI: ERROR: unable to download video data: HTTP Error 403: Forbidden
[64/169] skip B_AWtunvMMI (transcript too short)
[65/169] HUMAN_ONLY  ai=0.000  Peachtree Clinic   -
    ! download failed d_fRQKaRxjw: ERROR: unable to download video data: HTTP Error 403: Forbidden
[66/169] skip d_fRQKaRxjw (transcript too short)
    ! download failed vDHS7E7MZRU: ERROR: unable to download video data: HTTP Error 403: Forbidden
[67/169] skip vDHS7E7MZRU (transcript too short)
    ! download failed MgEIWuCmCB4: ERROR: unable to download video data: HTTP Error 403: Forbidden
[68/169] skip MgEIWuCmCB4 (transcript too short)
[69/169] HUMAN_ONLY  ai=0.000  Chicnutrix Beauty  -
[70/169] HUMAN_ONLY  ai=0.000  Market America Off -
    ! download failed NZdmu1LzcYM: ERROR: unable to download video data: HTTP Error 403: Forbidden
[71/169] skip NZdmu1LzcYM (transcript too short)
    ! download failed -7I_nJaPx1E: ERROR: unable to download video data: HTTP Error 403: Forbidden
[72/169] skip -7I_nJaPx1E (transcript too short)
    ! download failed yISFSQasIkE: ERROR: unable to download video data: HTTP Error 403: Forbidden
[73/169] skip yISFSQasIkE (transcript too short)
    ! download failed 6fsIDRc_3Tg: ERROR: unable to download video data: HTTP Error 403: Forbidden
[74/169] skip 6fsIDRc_3Tg (transcript too short)
    ! download failed 73r0gNxDSzU: ERROR: unable to download video data: HTTP Error 403: Forbidden
[75/169] skip 73r0gNxDSzU (transcript too short)
    ! download failed 7dZAmJQS2K8: ERROR: unable to download video data: HTTP Error 403: Forbidden
[76/169] skip 7dZAmJQS2K8 (transcript too short)
    ! download failed jH7zixIoic8: ERROR: unable to download video data: HTTP Error 403: Forbidden
[77/169] skip jH7zixIoic8 (transcript too short)
    ! download failed Az2SuWAJa3E: ERROR: unable to download video data: HTTP Error 403: Forbidden
[78/169] skip Az2SuWAJa3E (transcript too short)
    ! download failed LDyAtQvyMmY: ERROR: unable to download video data: HTTP Error 403: Forbidden
[79/169] skip LDyAtQvyMmY (transcript too short)
    ! download failed gPWKeh5TAT8: ERROR: unable to download video data: HTTP Error 403: Forbidden
[80/169] skip gPWKeh5TAT8 (transcript too short)
    ! download failed MXnxGb7F8AQ: ERROR: unable to download video data: HTTP Error 403: Forbidden
[81/169] skip MXnxGb7F8AQ (transcript too short)
    ! download failed psVi7oxdS0s: ERROR: unable to download video data: HTTP Error 403: Forbidden
[82/169] skip psVi7oxdS0s (transcript too short)
    ! download failed qM74dRv8GCc: ERROR: unable to download video data: HTTP Error 403: Forbidden
[83/169] skip qM74dRv8GCc (transcript too short)
[84/169] HUMAN_ONLY  ai=0.000  Naples Aesthetics  -
    ! download failed u5e3QLcRSBM: ERROR: unable to download video data: HTTP Error 403: Forbidden
[85/169] skip u5e3QLcRSBM (transcript too short)
    ! download failed ZcxRHLdWxzI: ERROR: unable to download video data: HTTP Error 403: Forbidden
[86/169] skip ZcxRHLdWxzI (transcript too short)
[87/169] skip ri5q267RP80 (transcript too short)
    ! download failed TTSpC61xEXA: ERROR: unable to download video data: HTTP Error 403: Forbidden
[88/169] skip TTSpC61xEXA (transcript too short)
    ! download failed c0Wm7RoQeCY: ERROR: unable to download video data: HTTP Error 403: Forbidden
[89/169] skip c0Wm7RoQeCY (transcript too short)
    ! download failed Nyjf__3G1Vg: ERROR: unable to download video data: HTTP Error 403: Forbidden
[90/169] skip Nyjf__3G1Vg (transcript too short)
    ! download failed f0tbQFGkanI: ERROR: unable to download video data: HTTP Error 403: Forbidden
[91/169] skip f0tbQFGkanI (transcript too short)
    ! download failed ez4sxECownA: ERROR: unable to download video data: HTTP Error 403: Forbidden
[92/169] skip ez4sxECownA (transcript too short)
    ! download failed Ppbrp31T5VA: ERROR: unable to download video data: HTTP Error 403: Forbidden
[93/169] skip Ppbrp31T5VA (transcript too short)
    ! download failed aDo8lI6XvbM: ERROR: unable to download video data: HTTP Error 403: Forbidden
[94/169] skip aDo8lI6XvbM (transcript too short)
    ! download failed LS5wwpxQCAo: ERROR: unable to download video data: HTTP Error 403: Forbidden
[95/169] skip LS5wwpxQCAo (transcript too short)
    ! download failed rYGZ4K5FkJE: ERROR: unable to download video data: HTTP Error 403: Forbidden
[96/169] skip rYGZ4K5FkJE (transcript too short)
    ! download failed BwFtbyGIoss: ERROR: unable to download video data: HTTP Error 403: Forbidden
[97/169] skip BwFtbyGIoss (transcript too short)
queue: 497 videos already discovered
50 to process this run, 523 already seen

[1/50] skip N_Bjj-9Rpas (transcript too short)
[2/50] skip kEO11En-zb0 (transcript too short)
[3/50] skip 2w1tdbOJrEc (transcript too short)
[4/50] skip sb_2G4YqtNU (transcript too short)
[5/50] skip Fttgaq54wlE (transcript too short)
[6/50] skip putHRfdQBN0 (transcript too short)
[7/50] skip neH3MJc-A2k (transcript too short)
[8/50] skip V3Fs_R1wJn4 (transcript too short)
[9/50] skip TrPBhnYXn6U (transcript too short)
[10/50] skip jNiHyOqGf20 (transcript too short)
[11/50] skip a91_6qNcLX4 (transcript too short)
[12/50] skip c1EBzmZzHrk (transcript too short)
[13/50] skip WQJjtxIzy8Y (transcript too short)
[14/50] skip bPn0U_uS9IU (transcript too short)
[15/50] skip SXIdnFsGvJ8 (transcript too short)
[16/50] skip sLCgpq6_2qY (transcript too short)
[17/50] skip 0N9UEdPo6Tw (transcript too short)
[18/50] skip vlxchz69dsM (transcript too short)
[19/50] skip ri5q267RP80 (transcript too short)
[20/50] HUMAN_ONLY  ai=0.000  Mary Richardson- I -
[21/50] HUMAN_ONLY  ai=0.000  The Workout Witch  -
[22/50] HUMAN_ONLY  ai=0.000  Functional Medicin -
    ! download failed 0rottLyv0rg: ERROR: unable to download video data: HTTP Error 403: Forbidden
[23/50] skip 0rottLyv0rg (transcript too short)
    ! download failed xxwprGUuOqc: ERROR: unable to download video data: HTTP Error 403: Forbidden
[24/50] skip xxwprGUuOqc (transcript too short)
[25/50] HUMAN_ONLY  ai=0.000  fourfive           -
    ! download failed D7gDhSjXA0g: ERROR: unable to download video data: HTTP Error 403: Forbidden
[26/50] skip D7gDhSjXA0g (transcript too short)
    ! download failed oDMqhW-3lM0: ERROR: unable to download video data: HTTP Error 403: Forbidden
[27/50] skip oDMqhW-3lM0 (transcript too short)
    ! download failed Kjz2awCf95Y: ERROR: unable to download video data: HTTP Error 403: Forbidden
[28/50] skip Kjz2awCf95Y (transcript too short)
[29/50] HUMAN_ONLY  ai=0.000  Lesli Bitel / Priv -
[30/50] HUMAN_ONLY  ai=0.000  Belly Brain        -
[31/50] skip ax4MxmRZlwM (transcript too short)
[32/50] AI_ONLY     ai=1.000  The Vitality Diges -
    ! download failed NxC1oBYo9KY: ERROR: unable to download video data: HTTP Error 403: Forbidden
[33/50] skip NxC1oBYo9KY (transcript too short)
    ! download failed KY_knzvuqys: ERROR: unable to download video data: HTTP Error 403: Forbidden
[34/50] skip KY_knzvuqys (transcript too short)
    ! download failed Otkjy3CinCU: ERROR: unable to download video data: HTTP Error 403: Forbidden
[35/50] skip Otkjy3CinCU (transcript too short)
    ! download failed DiP2Akf_NX8: ERROR: unable to download video data: HTTP Error 403: Forbidden
[36/50] skip DiP2Akf_NX8 (transcript too short)
    ! download failed oyd9hDZfigU: ERROR: unable to download video data: HTTP Error 403: Forbidden
[37/50] skip oyd9hDZfigU (transcript too short)
    ! download failed Yk2EJOigOX4: ERROR: unable to download video data: HTTP Error 403: Forbidden
[38/50] skip Yk2EJOigOX4 (transcript too short)
[39/50] HUMAN_ONLY  ai=0.000  Nutritional Weight -
[40/50] HUMAN_ONLY  ai=0.008  Missinglink Fitnes -
[41/50] HUMAN_ONLY  ai=0.000  PricePlow          -
    ! download failed N10mlLoWtYc: ERROR: unable to download video data: HTTP Error 403: Forbidden
[42/50] skip N10mlLoWtYc (transcript too short)
    ! download failed vQTjRucomsg: ERROR: unable to download video data: HTTP Error 403: Forbidden
[43/50] skip vQTjRucomsg (transcript too short)
    ! download failed X7CFKOCn54A: ERROR: unable to download video data: HTTP Error 403: Forbidden
[44/50] skip X7CFKOCn54A (transcript too short)
    ! download failed WiHHqsImhdA: ERROR: unable to download video data: HTTP Error 403: Forbidden
[45/50] skip WiHHqsImhdA (transcript too short)
    ! download failed 8VQH7tNfRmg: ERROR: unable to download video data: HTTP Error 403: Forbidden
[46/50] skip 8VQH7tNfRmg (transcript too short)
    ! download failed _rXANcA01C0: ERROR: unable to download video data: HTTP Error 403: Forbidden
[47/50] skip _rXANcA01C0 (transcript too short)
    ! download failed 06Xg0o0-UI8: ERROR: unable to download video data: HTTP Error 403: Forbidden
[48/50] skip 06Xg0o0-UI8 (transcript too short)
    ! download failed TQXvBE7NSMA: ERROR: unable to download video data: HTTP Error 403: Forbidden
[49/50] skip TQXvBE7NSMA (transcript too short)
    ! download failed OYzXmvE8U3s: ERROR: unable to download video data: HTTP Error 403: Forbidden
[50/50] skip OYzXmvE8U3s (transcript too short)
queue: 497 videos already discovered
61 to process this run, 553 already seen

[1/61] skip N_Bjj-9Rpas (transcript too short)
[2/61] skip kEO11En-zb0 (transcript too short)
[3/61] skip 2w1tdbOJrEc (transcript too short)
[4/61] skip sb_2G4YqtNU (transcript too short)
[5/61] skip Fttgaq54wlE (transcript too short)
[6/61] skip putHRfdQBN0 (transcript too short)
[7/61] skip neH3MJc-A2k (transcript too short)
[8/61] skip V3Fs_R1wJn4 (transcript too short)
[9/61] skip TrPBhnYXn6U (transcript too short)
[10/61] skip jNiHyOqGf20 (transcript too short)
[11/61] skip a91_6qNcLX4 (transcript too short)
[12/61] skip c1EBzmZzHrk (transcript too short)
[13/61] skip WQJjtxIzy8Y (transcript too short)
[14/61] skip bPn0U_uS9IU (transcript too short)
[15/61] skip SXIdnFsGvJ8 (transcript too short)
[16/61] skip sLCgpq6_2qY (transcript too short)
[17/61] skip 0N9UEdPo6Tw (transcript too short)
[18/61] skip vlxchz69dsM (transcript too short)
[19/61] skip ri5q267RP80 (transcript too short)
[20/61] skip ax4MxmRZlwM (transcript too short)
    ! download failed C9dirqG4PSY: ERROR: unable to download video data: HTTP Error 403: Forbidden
[21/61] skip C9dirqG4PSY (transcript too short)
    ! download failed MUvpmGtc1MI: ERROR: unable to download video data: HTTP Error 403: Forbidden
[22/61] skip MUvpmGtc1MI (transcript too short)
    ! download failed br_Unjs3iBE: ERROR: unable to download video data: HTTP Error 403: Forbidden
[23/61] skip br_Unjs3iBE (transcript too short)
[24/61] HUMAN_ONLY  ai=0.000  Hack Your Blood Su -
queue: 90 videos already discovered
45 to process this run, 557 already seen

    ! download failed _NljEzGXUi8: ERROR: unable to download video data: HTTP Error 403: Forbidden
[1/45] skip _NljEzGXUi8 (transcript too short)
    ! download failed ZeawT4UW26E: ERROR: unable to download video data: HTTP Error 403: Forbidden
[2/45] skip ZeawT4UW26E (transcript too short)
[3/45] AI_ONLY     ai=1.000  NA                 -
[4/45] AI_ONLY     ai=1.000  NA                 Everything in threes
[5/45] AI_ONLY     ai=1.000  NA                 Everything in threes, Not just X, but Y
[6/45] AI_ONLY     ai=1.000  NA                 Overblown importance, Sales-pitch tone
[7/45] AI_ONLY     ai=1.000  NA                 Empty commentary
[8/45] AI_ONLY     ai=1.000  NA                 Everything in threes
[9/45] AI_ONLY     ai=1.000  NA                 Everything in threes, Phantom experts, Sales-pitch
[10/45] MIXED       ai=0.328  NA                 Everything in threes
[11/45] AI_ONLY     ai=1.000  NA                 Everything in threes, Not just X, but Y, Sales-pit
[12/45] AI_ONLY     ai=1.000  NA                 -
[13/45] AI_ONLY     ai=1.000  NA                 Everything in threes, Sales-pitch tone
[14/45] AI_ONLY     ai=1.000  NA                 Everything in threes
[15/45] AI_ONLY     ai=1.000  NA                 Everything in threes, Sales-pitch tone
[16/45] AI_ONLY     ai=1.000  NA                 Everything in threes, Sales-pitch tone
[17/45] HUMAN_ONLY  ai=0.412  NA                 Everything in threes, Overblown importance
[18/45] AI_ONLY     ai=1.000  NA                 Everything in threes, Sales-pitch tone
[19/45] AI_ONLY     ai=1.000  NA                 Empty commentary
[20/45] HUMAN_ONLY  ai=0.347  NA                 Everything in threes, Not just X, but Y, Sales-pit
[21/45] AI_ONLY     ai=1.000  NA                 Everything in threes, Sales-pitch tone
[22/45] MIXED       ai=0.000  NA                 Phantom experts, Sales-pitch tone
[23/45] MIXED       ai=0.004  NA                 Everything in threes, Overblown importance, Sales-
[24/45] HUMAN_ONLY  ai=0.036  NA                 Everything in threes, Sales-pitch tone
[25/45] MIXED       ai=0.000  NA                 Everything in threes, Sales-pitch tone
[26/45] AI_ONLY     ai=1.000  NA                 Overblown importance, Sales-pitch tone
[27/45] HUMAN_ONLY  ai=0.033  NA                 Everything in threes, Sales-pitch tone
[28/45] AI_ONLY     ai=1.000  NA                 Sales-pitch tone
[29/45] AI_ONLY     ai=1.000  NA                 Everything in threes, Not just X, but Y, Sales-pit
[30/45] AI_ONLY     ai=1.000  NA                 Sales-pitch tone
[31/45] AI_ONLY     ai=1.000  NA                 -
    ! download failed n5HCO-62-_o: ERROR: unable to download video data: HTTP Error 403: Forbidden
[32/45] skip n5HCO-62-_o (transcript too short)
[33/45] skip uG_a4hOCV2c (transcript too short)
[34/45] AI_ONLY     ai=1.000  NA                 -
[35/45] AI_ONLY     ai=1.000  NA                 -
[36/45] AI_ONLY     ai=1.000  NA                 Everything in threes
[37/45] AI_ONLY     ai=1.000  NA                 Sales-pitch tone
    ! download failed z-W_fpZSFgk: ERROR: unable to download video data: HTTP Error 403: Forbidden
[38/45] skip z-W_fpZSFgk (transcript too short)
[39/45] AI_ONLY     ai=1.000  NA                 Not just X, but Y
    ! download failed aQ2QE7_ltoA: ERROR: unable to download video data: HTTP Error 403: Forbidden
[40/45] skip aQ2QE7_ltoA (transcript too short)
[41/45] AI_ONLY     ai=1.000  NA                 Sales-pitch tone
[42/45] AI_ONLY     ai=1.000  NA                 Everything in threes
[43/45] AI_ONLY     ai=1.000  NA                 Not just X, but Y
[44/45] AI_ONLY     ai=1.000  NA                 Everything in threes, Sales-pitch tone
[45/45] AI_ONLY     ai=1.000  NA                 Sales-pitch tone
queue: 503 videos already discovered
120 to process this run, 162 already seen

[1/120] HUMAN_ONLY  ai=0.000  MAXIMUS            -
[2/120] HUMAN_ONLY  ai=0.000  Health Babes       -
[3/120] HUMAN_ONLY  ai=0.000  Food Science Babe  -
[4/120] HUMAN_ONLY  ai=0.000  Ed Delacruz Health -
[5/120] HUMAN_ONLY  ai=0.000  Goodbye Lupus by B -
[6/120] HUMAN_ONLY  ai=0.000  SICE YOUR LIFE     -
[7/120] HUMAN_ONLY  ai=0.000  Robert Kiltz, MD   -
[8/120] HUMAN_ONLY  ai=0.000  Food Science Babe  -
[9/120] HUMAN_ONLY  ai=0.000  Liliana Partida, C -
[10/120] HUMAN_ONLY  ai=0.000  Paul Saladino MD   -
[11/120] HUMAN_ONLY  ai=0.000  GinSen             -
[12/120] HUMAN_ONLY  ai=0.004  The Workout Witch  -
[13/120] HUMAN_ONLY  ai=0.000  Dr Terry Simpson   -
[14/120] HUMAN_ONLY  ai=0.000  Geeta Sidhu-Robb   -
[15/120] HUMAN_ONLY  ai=0.000  let's do a recap   -
[16/120] HUMAN_ONLY  ai=0.000  Dr. Brett Berner   -
